#-----------------------------------------------------------
# Vivado v2014.4 (64-bit)
# SW Build 1071353 on Tue Nov 18 16:47:07 MST 2014
# IP Build 1070531 on Tue Nov 18 01:10:18 MST 2014
# Start of session at: Wed Jul 26 16:56:53 2023
# Process ID: 3403
# Log file: /home/ishita/Documents/minor_project/final_minor_project/vivado.log
# Journal file: /home/ishita/Documents/minor_project/final_minor_project/vivado.jou
#-----------------------------------------------------------
start_gui
open_project /home/ishita/Documents/minor_project/final_minor_project/Pipelined/final_minor/final_minor.xpr
update_compile_order -fileset sim_1
synth_design -rtl -name rtl_1
launch_simulation
source top_module_tb.tcl
synth_design -rtl -name rtl_1
close_sim
launch_simulation
source top_module_tb.tcl
close_sim
launch_simulation
source top_module_tb.tcl
synth_design -rtl -name rtl_1
update_compile_order -fileset sources_1
update_compile_order -fileset sources_1
launch_runs synth_1
wait_on_run synth_1
synth_design -rtl -name rtl_1
# Disabling source management mode.  This is to allow the top design properties to be set without GUI intervention.
set_property source_mgmt_mode None [current_project]
# Re-enabling previously disabled source management mode.
set_property source_mgmt_mode All [current_project]
# Disabling source management mode.  This is to allow the top design properties to be set without GUI intervention.
set_property source_mgmt_mode None [current_project]
set_property top core [current_fileset]
# Re-enabling previously disabled source management mode.
set_property source_mgmt_mode All [current_project]
update_compile_order -fileset sources_1
# Disabling source management mode.  This is to allow the top design properties to be set without GUI intervention.
set_property source_mgmt_mode None [current_project]
set_property top top_module [current_fileset]
# Re-enabling previously disabled source management mode.
set_property source_mgmt_mode All [current_project]
update_compile_order -fileset sources_1
close_sim
launch_simulation
launch_simulation
update_compile_order -fileset sim_1
update_compile_order -fileset sim_1
update_compile_order -fileset sim_1
launch_simulation
source top_module.tcl
update_compile_order -fileset sim_1
update_compile_order -fileset sim_1
launch_simulation
source EX_tb.tcl
